Archive member included to satisfy reference by file (symbol)

/usr/lib/gcc/arm-none-eabi/12.2.0/../../../../arm-none-eabi/lib/thumb/v7-m/nofp/libc_nano.a(lib_a-atexit.o)
                              /usr/lib/gcc/arm-none-eabi/12.2.0/../../../../arm-none-eabi/lib/thumb/v7-m/nofp/crt0.o (atexit)
/usr/lib/gcc/arm-none-eabi/12.2.0/../../../../arm-none-eabi/lib/thumb/v7-m/nofp/libc_nano.a(lib_a-exit.o)
                              /usr/lib/gcc/arm-none-eabi/12.2.0/../../../../arm-none-eabi/lib/thumb/v7-m/nofp/crt0.o (exit)
/usr/lib/gcc/arm-none-eabi/12.2.0/../../../../arm-none-eabi/lib/thumb/v7-m/nofp/libc_nano.a(lib_a-fini.o)
                              /usr/lib/gcc/arm-none-eabi/12.2.0/../../../../arm-none-eabi/lib/thumb/v7-m/nofp/crt0.o (__libc_fini_array)
/usr/lib/gcc/arm-none-eabi/12.2.0/../../../../arm-none-eabi/lib/thumb/v7-m/nofp/libc_nano.a(lib_a-impure.o)
                              /usr/lib/gcc/arm-none-eabi/12.2.0/../../../../arm-none-eabi/lib/thumb/v7-m/nofp/libc_nano.a(lib_a-exit.o) (_global_impure_ptr)
/usr/lib/gcc/arm-none-eabi/12.2.0/../../../../arm-none-eabi/lib/thumb/v7-m/nofp/libc_nano.a(lib_a-init.o)
                              /usr/lib/gcc/arm-none-eabi/12.2.0/../../../../arm-none-eabi/lib/thumb/v7-m/nofp/crt0.o (__libc_init_array)
/usr/lib/gcc/arm-none-eabi/12.2.0/../../../../arm-none-eabi/lib/thumb/v7-m/nofp/libc_nano.a(lib_a-memcpy-stub.o)
                              build/stm32l152-setup.o (memcpy)
/usr/lib/gcc/arm-none-eabi/12.2.0/../../../../arm-none-eabi/lib/thumb/v7-m/nofp/libc_nano.a(lib_a-memset.o)
                              /usr/lib/gcc/arm-none-eabi/12.2.0/../../../../arm-none-eabi/lib/thumb/v7-m/nofp/crt0.o (memset)
/usr/lib/gcc/arm-none-eabi/12.2.0/../../../../arm-none-eabi/lib/thumb/v7-m/nofp/libc_nano.a(lib_a-__atexit.o)
                              /usr/lib/gcc/arm-none-eabi/12.2.0/../../../../arm-none-eabi/lib/thumb/v7-m/nofp/libc_nano.a(lib_a-atexit.o) (__register_exitproc)
/usr/lib/gcc/arm-none-eabi/12.2.0/../../../../arm-none-eabi/lib/thumb/v7-m/nofp/libc_nano.a(lib_a-__call_atexit.o)
                              /usr/lib/gcc/arm-none-eabi/12.2.0/../../../../arm-none-eabi/lib/thumb/v7-m/nofp/libc_nano.a(lib_a-__atexit.o) (__call_exitprocs)
/usr/lib/gcc/arm-none-eabi/12.2.0/../../../../arm-none-eabi/lib/thumb/v7-m/nofp/libc_nano.a(lib_a-lock.o)
                              /usr/lib/gcc/arm-none-eabi/12.2.0/../../../../arm-none-eabi/lib/thumb/v7-m/nofp/libc_nano.a(lib_a-__atexit.o) (__retarget_lock_acquire_recursive)
/usr/lib/gcc/arm-none-eabi/12.2.0/../../../../arm-none-eabi/lib/thumb/v7-m/nofp/libnosys.a(_exit.o)
                              /usr/lib/gcc/arm-none-eabi/12.2.0/../../../../arm-none-eabi/lib/thumb/v7-m/nofp/libc_nano.a(lib_a-exit.o) (_exit)

Discarded input sections

 .text          0x00000000        0x0 /usr/lib/gcc/arm-none-eabi/12.2.0/thumb/v7-m/nofp/crti.o
 .data          0x00000000        0x0 /usr/lib/gcc/arm-none-eabi/12.2.0/thumb/v7-m/nofp/crti.o
 .bss           0x00000000        0x0 /usr/lib/gcc/arm-none-eabi/12.2.0/thumb/v7-m/nofp/crti.o
 .data          0x00000000        0x4 /usr/lib/gcc/arm-none-eabi/12.2.0/thumb/v7-m/nofp/crtbegin.o
 .rodata        0x00000000       0x24 /usr/lib/gcc/arm-none-eabi/12.2.0/thumb/v7-m/nofp/crtbegin.o
 .text          0x00000000       0x70 /usr/lib/gcc/arm-none-eabi/12.2.0/../../../../arm-none-eabi/lib/thumb/v7-m/nofp/crt0.o
 .data          0x00000000        0x0 /usr/lib/gcc/arm-none-eabi/12.2.0/../../../../arm-none-eabi/lib/thumb/v7-m/nofp/crt0.o
 .bss           0x00000000        0x0 /usr/lib/gcc/arm-none-eabi/12.2.0/../../../../arm-none-eabi/lib/thumb/v7-m/nofp/crt0.o
 .ARM.extab     0x00000000        0x0 /usr/lib/gcc/arm-none-eabi/12.2.0/../../../../arm-none-eabi/lib/thumb/v7-m/nofp/crt0.o
 .ARM.exidx     0x00000000       0x10 /usr/lib/gcc/arm-none-eabi/12.2.0/../../../../arm-none-eabi/lib/thumb/v7-m/nofp/crt0.o
 .debug_line    0x00000000       0x75 /usr/lib/gcc/arm-none-eabi/12.2.0/../../../../arm-none-eabi/lib/thumb/v7-m/nofp/crt0.o
 .debug_line_str
                0x00000000       0x97 /usr/lib/gcc/arm-none-eabi/12.2.0/../../../../arm-none-eabi/lib/thumb/v7-m/nofp/crt0.o
 .debug_info    0x00000000       0x24 /usr/lib/gcc/arm-none-eabi/12.2.0/../../../../arm-none-eabi/lib/thumb/v7-m/nofp/crt0.o
 .debug_abbrev  0x00000000       0x14 /usr/lib/gcc/arm-none-eabi/12.2.0/../../../../arm-none-eabi/lib/thumb/v7-m/nofp/crt0.o
 .debug_aranges
                0x00000000       0x20 /usr/lib/gcc/arm-none-eabi/12.2.0/../../../../arm-none-eabi/lib/thumb/v7-m/nofp/crt0.o
 .debug_str     0x00000000       0x9c /usr/lib/gcc/arm-none-eabi/12.2.0/../../../../arm-none-eabi/lib/thumb/v7-m/nofp/crt0.o
 .ARM.attributes
                0x00000000       0x1b /usr/lib/gcc/arm-none-eabi/12.2.0/../../../../arm-none-eabi/lib/thumb/v7-m/nofp/crt0.o
 .text          0x00000000        0x0 build/main.o
 .data          0x00000000        0x0 build/main.o
 .bss           0x00000000        0x0 build/main.o
 .text          0x00000000        0x0 build/waveform.o
 .data          0x00000000        0x0 build/waveform.o
 .bss           0x00000000        0x0 build/waveform.o
 .rodata.TRIANGLE_WF
                0x00000000       0xc8 build/waveform.o
 .rodata.SQUARE_WF
                0x00000000       0xc8 build/waveform.o
 .text          0x00000000        0x0 build/stm32l152-setup.o
 .data          0x00000000        0x0 build/stm32l152-setup.o
 .bss           0x00000000        0x0 build/stm32l152-setup.o
 .text.__NVIC_SystemReset
                0x00000000       0x24 build/stm32l152-setup.o
 .text.software_reset
                0x00000000        0x6 build/stm32l152-setup.o
 .text          0x00000000        0x0 build/stm32l1xx_it.o
 .data          0x00000000        0x0 build/stm32l1xx_it.o
 .bss           0x00000000        0x0 build/stm32l1xx_it.o
 .text          0x00000000        0x0 build/system_stm32l1xx.o
 .data          0x00000000        0x0 build/system_stm32l1xx.o
 .bss           0x00000000        0x0 build/system_stm32l1xx.o
 .rodata.APBPrescTable
                0x00000000        0x8 build/system_stm32l1xx.o
 .text          0x00000000       0x14 build/startup_stm32l152xe.o
 .data          0x00000000        0x0 build/startup_stm32l152xe.o
 .bss           0x00000000        0x0 build/startup_stm32l152xe.o
 .text          0x00000000        0x0 /usr/lib/gcc/arm-none-eabi/12.2.0/../../../../arm-none-eabi/lib/thumb/v7-m/nofp/libc_nano.a(lib_a-atexit.o)
 .data          0x00000000        0x0 /usr/lib/gcc/arm-none-eabi/12.2.0/../../../../arm-none-eabi/lib/thumb/v7-m/nofp/libc_nano.a(lib_a-atexit.o)
 .bss           0x00000000        0x0 /usr/lib/gcc/arm-none-eabi/12.2.0/../../../../arm-none-eabi/lib/thumb/v7-m/nofp/libc_nano.a(lib_a-atexit.o)
 .text.atexit   0x00000000        0xc /usr/lib/gcc/arm-none-eabi/12.2.0/../../../../arm-none-eabi/lib/thumb/v7-m/nofp/libc_nano.a(lib_a-atexit.o)
 .debug_info    0x00000000      0x118 /usr/lib/gcc/arm-none-eabi/12.2.0/../../../../arm-none-eabi/lib/thumb/v7-m/nofp/libc_nano.a(lib_a-atexit.o)
 .debug_abbrev  0x00000000       0xc1 /usr/lib/gcc/arm-none-eabi/12.2.0/../../../../arm-none-eabi/lib/thumb/v7-m/nofp/libc_nano.a(lib_a-atexit.o)
 .debug_loclists
                0x00000000       0x2a /usr/lib/gcc/arm-none-eabi/12.2.0/../../../../arm-none-eabi/lib/thumb/v7-m/nofp/libc_nano.a(lib_a-atexit.o)
 .debug_aranges
                0x00000000       0x20 /usr/lib/gcc/arm-none-eabi/12.2.0/../../../../arm-none-eabi/lib/thumb/v7-m/nofp/libc_nano.a(lib_a-atexit.o)
 .debug_rnglists
                0x00000000       0x13 /usr/lib/gcc/arm-none-eabi/12.2.0/../../../../arm-none-eabi/lib/thumb/v7-m/nofp/libc_nano.a(lib_a-atexit.o)
 .debug_line    0x00000000       0xc1 /usr/lib/gcc/arm-none-eabi/12.2.0/../../../../arm-none-eabi/lib/thumb/v7-m/nofp/libc_nano.a(lib_a-atexit.o)
 .debug_str     0x00000000      0x1f3 /usr/lib/gcc/arm-none-eabi/12.2.0/../../../../arm-none-eabi/lib/thumb/v7-m/nofp/libc_nano.a(lib_a-atexit.o)
 .comment       0x00000000       0x24 /usr/lib/gcc/arm-none-eabi/12.2.0/../../../../arm-none-eabi/lib/thumb/v7-m/nofp/libc_nano.a(lib_a-atexit.o)
 .debug_frame   0x00000000       0x20 /usr/lib/gcc/arm-none-eabi/12.2.0/../../../../arm-none-eabi/lib/thumb/v7-m/nofp/libc_nano.a(lib_a-atexit.o)
 .ARM.attributes
                0x00000000       0x2d /usr/lib/gcc/arm-none-eabi/12.2.0/../../../../arm-none-eabi/lib/thumb/v7-m/nofp/libc_nano.a(lib_a-atexit.o)
 .text          0x00000000        0x0 /usr/lib/gcc/arm-none-eabi/12.2.0/../../../../arm-none-eabi/lib/thumb/v7-m/nofp/libc_nano.a(lib_a-exit.o)
 .data          0x00000000        0x0 /usr/lib/gcc/arm-none-eabi/12.2.0/../../../../arm-none-eabi/lib/thumb/v7-m/nofp/libc_nano.a(lib_a-exit.o)
 .bss           0x00000000        0x0 /usr/lib/gcc/arm-none-eabi/12.2.0/../../../../arm-none-eabi/lib/thumb/v7-m/nofp/libc_nano.a(lib_a-exit.o)
 .text.exit     0x00000000       0x28 /usr/lib/gcc/arm-none-eabi/12.2.0/../../../../arm-none-eabi/lib/thumb/v7-m/nofp/libc_nano.a(lib_a-exit.o)
 .debug_info    0x00000000      0x7d5 /usr/lib/gcc/arm-none-eabi/12.2.0/../../../../arm-none-eabi/lib/thumb/v7-m/nofp/libc_nano.a(lib_a-exit.o)
 .debug_abbrev  0x00000000      0x1d2 /usr/lib/gcc/arm-none-eabi/12.2.0/../../../../arm-none-eabi/lib/thumb/v7-m/nofp/libc_nano.a(lib_a-exit.o)
 .debug_loclists
                0x00000000       0x20 /usr/lib/gcc/arm-none-eabi/12.2.0/../../../../arm-none-eabi/lib/thumb/v7-m/nofp/libc_nano.a(lib_a-exit.o)
 .debug_aranges
                0x00000000       0x20 /usr/lib/gcc/arm-none-eabi/12.2.0/../../../../arm-none-eabi/lib/thumb/v7-m/nofp/libc_nano.a(lib_a-exit.o)
 .debug_rnglists
                0x00000000       0x13 /usr/lib/gcc/arm-none-eabi/12.2.0/../../../../arm-none-eabi/lib/thumb/v7-m/nofp/libc_nano.a(lib_a-exit.o)
 .debug_line    0x00000000      0x16f /usr/lib/gcc/arm-none-eabi/12.2.0/../../../../arm-none-eabi/lib/thumb/v7-m/nofp/libc_nano.a(lib_a-exit.o)
 .debug_str     0x00000000      0x52f /usr/lib/gcc/arm-none-eabi/12.2.0/../../../../arm-none-eabi/lib/thumb/v7-m/nofp/libc_nano.a(lib_a-exit.o)
 .comment       0x00000000       0x24 /usr/lib/gcc/arm-none-eabi/12.2.0/../../../../arm-none-eabi/lib/thumb/v7-m/nofp/libc_nano.a(lib_a-exit.o)
 .debug_frame   0x00000000       0x28 /usr/lib/gcc/arm-none-eabi/12.2.0/../../../../arm-none-eabi/lib/thumb/v7-m/nofp/libc_nano.a(lib_a-exit.o)
 .ARM.attributes
                0x00000000       0x2d /usr/lib/gcc/arm-none-eabi/12.2.0/../../../../arm-none-eabi/lib/thumb/v7-m/nofp/libc_nano.a(lib_a-exit.o)
 .text          0x00000000        0x0 /usr/lib/gcc/arm-none-eabi/12.2.0/../../../../arm-none-eabi/lib/thumb/v7-m/nofp/libc_nano.a(lib_a-fini.o)
 .data          0x00000000        0x0 /usr/lib/gcc/arm-none-eabi/12.2.0/../../../../arm-none-eabi/lib/thumb/v7-m/nofp/libc_nano.a(lib_a-fini.o)
 .bss           0x00000000        0x0 /usr/lib/gcc/arm-none-eabi/12.2.0/../../../../arm-none-eabi/lib/thumb/v7-m/nofp/libc_nano.a(lib_a-fini.o)
 .text.__libc_fini_array
                0x00000000       0x28 /usr/lib/gcc/arm-none-eabi/12.2.0/../../../../arm-none-eabi/lib/thumb/v7-m/nofp/libc_nano.a(lib_a-fini.o)
 .debug_info    0x00000000       0xf7 /usr/lib/gcc/arm-none-eabi/12.2.0/../../../../arm-none-eabi/lib/thumb/v7-m/nofp/libc_nano.a(lib_a-fini.o)
 .debug_abbrev  0x00000000       0xcc /usr/lib/gcc/arm-none-eabi/12.2.0/../../../../arm-none-eabi/lib/thumb/v7-m/nofp/libc_nano.a(lib_a-fini.o)
 .debug_loclists
                0x00000000       0x3b /usr/lib/gcc/arm-none-eabi/12.2.0/../../../../arm-none-eabi/lib/thumb/v7-m/nofp/libc_nano.a(lib_a-fini.o)
 .debug_aranges
                0x00000000       0x20 /usr/lib/gcc/arm-none-eabi/12.2.0/../../../../arm-none-eabi/lib/thumb/v7-m/nofp/libc_nano.a(lib_a-fini.o)
 .debug_rnglists
                0x00000000       0x13 /usr/lib/gcc/arm-none-eabi/12.2.0/../../../../arm-none-eabi/lib/thumb/v7-m/nofp/libc_nano.a(lib_a-fini.o)
 .debug_line    0x00000000       0xdd /usr/lib/gcc/arm-none-eabi/12.2.0/../../../../arm-none-eabi/lib/thumb/v7-m/nofp/libc_nano.a(lib_a-fini.o)
 .debug_str     0x00000000      0x1eb /usr/lib/gcc/arm-none-eabi/12.2.0/../../../../arm-none-eabi/lib/thumb/v7-m/nofp/libc_nano.a(lib_a-fini.o)
 .comment       0x00000000       0x24 /usr/lib/gcc/arm-none-eabi/12.2.0/../../../../arm-none-eabi/lib/thumb/v7-m/nofp/libc_nano.a(lib_a-fini.o)
 .debug_frame   0x00000000       0x38 /usr/lib/gcc/arm-none-eabi/12.2.0/../../../../arm-none-eabi/lib/thumb/v7-m/nofp/libc_nano.a(lib_a-fini.o)
 .ARM.attributes
                0x00000000       0x2d /usr/lib/gcc/arm-none-eabi/12.2.0/../../../../arm-none-eabi/lib/thumb/v7-m/nofp/libc_nano.a(lib_a-fini.o)
 .text          0x00000000        0x0 /usr/lib/gcc/arm-none-eabi/12.2.0/../../../../arm-none-eabi/lib/thumb/v7-m/nofp/libc_nano.a(lib_a-impure.o)
 .data          0x00000000        0x0 /usr/lib/gcc/arm-none-eabi/12.2.0/../../../../arm-none-eabi/lib/thumb/v7-m/nofp/libc_nano.a(lib_a-impure.o)
 .bss           0x00000000        0x0 /usr/lib/gcc/arm-none-eabi/12.2.0/../../../../arm-none-eabi/lib/thumb/v7-m/nofp/libc_nano.a(lib_a-impure.o)
 .data._impure_ptr
                0x00000000        0x4 /usr/lib/gcc/arm-none-eabi/12.2.0/../../../../arm-none-eabi/lib/thumb/v7-m/nofp/libc_nano.a(lib_a-impure.o)
 .data.impure_data
                0x00000000       0x60 /usr/lib/gcc/arm-none-eabi/12.2.0/../../../../arm-none-eabi/lib/thumb/v7-m/nofp/libc_nano.a(lib_a-impure.o)
 .rodata._global_impure_ptr
                0x00000000        0x4 /usr/lib/gcc/arm-none-eabi/12.2.0/../../../../arm-none-eabi/lib/thumb/v7-m/nofp/libc_nano.a(lib_a-impure.o)
 .debug_info    0x00000000      0x806 /usr/lib/gcc/arm-none-eabi/12.2.0/../../../../arm-none-eabi/lib/thumb/v7-m/nofp/libc_nano.a(lib_a-impure.o)
 .debug_abbrev  0x00000000      0x15a /usr/lib/gcc/arm-none-eabi/12.2.0/../../../../arm-none-eabi/lib/thumb/v7-m/nofp/libc_nano.a(lib_a-impure.o)
 .debug_aranges
                0x00000000       0x18 /usr/lib/gcc/arm-none-eabi/12.2.0/../../../../arm-none-eabi/lib/thumb/v7-m/nofp/libc_nano.a(lib_a-impure.o)
 .debug_line    0x00000000       0xe5 /usr/lib/gcc/arm-none-eabi/12.2.0/../../../../arm-none-eabi/lib/thumb/v7-m/nofp/libc_nano.a(lib_a-impure.o)
 .debug_str     0x00000000      0x565 /usr/lib/gcc/arm-none-eabi/12.2.0/../../../../arm-none-eabi/lib/thumb/v7-m/nofp/libc_nano.a(lib_a-impure.o)
 .comment       0x00000000       0x24 /usr/lib/gcc/arm-none-eabi/12.2.0/../../../../arm-none-eabi/lib/thumb/v7-m/nofp/libc_nano.a(lib_a-impure.o)
 .ARM.attributes
                0x00000000       0x2d /usr/lib/gcc/arm-none-eabi/12.2.0/../../../../arm-none-eabi/lib/thumb/v7-m/nofp/libc_nano.a(lib_a-impure.o)
 .text          0x00000000        0x0 /usr/lib/gcc/arm-none-eabi/12.2.0/../../../../arm-none-eabi/lib/thumb/v7-m/nofp/libc_nano.a(lib_a-init.o)
 .data          0x00000000        0x0 /usr/lib/gcc/arm-none-eabi/12.2.0/../../../../arm-none-eabi/lib/thumb/v7-m/nofp/libc_nano.a(lib_a-init.o)
 .bss           0x00000000        0x0 /usr/lib/gcc/arm-none-eabi/12.2.0/../../../../arm-none-eabi/lib/thumb/v7-m/nofp/libc_nano.a(lib_a-init.o)
 .text          0x00000000        0x0 /usr/lib/gcc/arm-none-eabi/12.2.0/../../../../arm-none-eabi/lib/thumb/v7-m/nofp/libc_nano.a(lib_a-memcpy-stub.o)
 .data          0x00000000        0x0 /usr/lib/gcc/arm-none-eabi/12.2.0/../../../../arm-none-eabi/lib/thumb/v7-m/nofp/libc_nano.a(lib_a-memcpy-stub.o)
 .bss           0x00000000        0x0 /usr/lib/gcc/arm-none-eabi/12.2.0/../../../../arm-none-eabi/lib/thumb/v7-m/nofp/libc_nano.a(lib_a-memcpy-stub.o)
 .text          0x00000000        0x0 /usr/lib/gcc/arm-none-eabi/12.2.0/../../../../arm-none-eabi/lib/thumb/v7-m/nofp/libc_nano.a(lib_a-memset.o)
 .data          0x00000000        0x0 /usr/lib/gcc/arm-none-eabi/12.2.0/../../../../arm-none-eabi/lib/thumb/v7-m/nofp/libc_nano.a(lib_a-memset.o)
 .bss           0x00000000        0x0 /usr/lib/gcc/arm-none-eabi/12.2.0/../../../../arm-none-eabi/lib/thumb/v7-m/nofp/libc_nano.a(lib_a-memset.o)
 .text.memset   0x00000000       0x10 /usr/lib/gcc/arm-none-eabi/12.2.0/../../../../arm-none-eabi/lib/thumb/v7-m/nofp/libc_nano.a(lib_a-memset.o)
 .debug_info    0x00000000       0xe0 /usr/lib/gcc/arm-none-eabi/12.2.0/../../../../arm-none-eabi/lib/thumb/v7-m/nofp/libc_nano.a(lib_a-memset.o)
 .debug_abbrev  0x00000000       0x9e /usr/lib/gcc/arm-none-eabi/12.2.0/../../../../arm-none-eabi/lib/thumb/v7-m/nofp/libc_nano.a(lib_a-memset.o)
 .debug_loclists
                0x00000000       0x3b /usr/lib/gcc/arm-none-eabi/12.2.0/../../../../arm-none-eabi/lib/thumb/v7-m/nofp/libc_nano.a(lib_a-memset.o)
 .debug_aranges
                0x00000000       0x20 /usr/lib/gcc/arm-none-eabi/12.2.0/../../../../arm-none-eabi/lib/thumb/v7-m/nofp/libc_nano.a(lib_a-memset.o)
 .debug_rnglists
                0x00000000       0x13 /usr/lib/gcc/arm-none-eabi/12.2.0/../../../../arm-none-eabi/lib/thumb/v7-m/nofp/libc_nano.a(lib_a-memset.o)
 .debug_line    0x00000000      0x100 /usr/lib/gcc/arm-none-eabi/12.2.0/../../../../arm-none-eabi/lib/thumb/v7-m/nofp/libc_nano.a(lib_a-memset.o)
 .debug_str     0x00000000      0x1b6 /usr/lib/gcc/arm-none-eabi/12.2.0/../../../../arm-none-eabi/lib/thumb/v7-m/nofp/libc_nano.a(lib_a-memset.o)
 .comment       0x00000000       0x24 /usr/lib/gcc/arm-none-eabi/12.2.0/../../../../arm-none-eabi/lib/thumb/v7-m/nofp/libc_nano.a(lib_a-memset.o)
 .debug_frame   0x00000000       0x20 /usr/lib/gcc/arm-none-eabi/12.2.0/../../../../arm-none-eabi/lib/thumb/v7-m/nofp/libc_nano.a(lib_a-memset.o)
 .ARM.attributes
                0x00000000       0x2d /usr/lib/gcc/arm-none-eabi/12.2.0/../../../../arm-none-eabi/lib/thumb/v7-m/nofp/libc_nano.a(lib_a-memset.o)
 .text          0x00000000        0x0 /usr/lib/gcc/arm-none-eabi/12.2.0/../../../../arm-none-eabi/lib/thumb/v7-m/nofp/libc_nano.a(lib_a-__atexit.o)
 .data          0x00000000        0x0 /usr/lib/gcc/arm-none-eabi/12.2.0/../../../../arm-none-eabi/lib/thumb/v7-m/nofp/libc_nano.a(lib_a-__atexit.o)
 .bss           0x00000000        0x0 /usr/lib/gcc/arm-none-eabi/12.2.0/../../../../arm-none-eabi/lib/thumb/v7-m/nofp/libc_nano.a(lib_a-__atexit.o)
 .text.__register_exitproc
                0x00000000       0xc8 /usr/lib/gcc/arm-none-eabi/12.2.0/../../../../arm-none-eabi/lib/thumb/v7-m/nofp/libc_nano.a(lib_a-__atexit.o)
 .bss._global_atexit0
                0x00000000       0x8c /usr/lib/gcc/arm-none-eabi/12.2.0/../../../../arm-none-eabi/lib/thumb/v7-m/nofp/libc_nano.a(lib_a-__atexit.o)
 .data.__atexit_dummy
                0x00000000        0x4 /usr/lib/gcc/arm-none-eabi/12.2.0/../../../../arm-none-eabi/lib/thumb/v7-m/nofp/libc_nano.a(lib_a-__atexit.o)
 .debug_info    0x00000000      0x2fe /usr/lib/gcc/arm-none-eabi/12.2.0/../../../../arm-none-eabi/lib/thumb/v7-m/nofp/libc_nano.a(lib_a-__atexit.o)
 .debug_abbrev  0x00000000      0x1f0 /usr/lib/gcc/arm-none-eabi/12.2.0/../../../../arm-none-eabi/lib/thumb/v7-m/nofp/libc_nano.a(lib_a-__atexit.o)
 .debug_loclists
                0x00000000       0xa5 /usr/lib/gcc/arm-none-eabi/12.2.0/../../../../arm-none-eabi/lib/thumb/v7-m/nofp/libc_nano.a(lib_a-__atexit.o)
 .debug_aranges
                0x00000000       0x20 /usr/lib/gcc/arm-none-eabi/12.2.0/../../../../arm-none-eabi/lib/thumb/v7-m/nofp/libc_nano.a(lib_a-__atexit.o)
 .debug_rnglists
                0x00000000       0x14 /usr/lib/gcc/arm-none-eabi/12.2.0/../../../../arm-none-eabi/lib/thumb/v7-m/nofp/libc_nano.a(lib_a-__atexit.o)
 .debug_line    0x00000000      0x230 /usr/lib/gcc/arm-none-eabi/12.2.0/../../../../arm-none-eabi/lib/thumb/v7-m/nofp/libc_nano.a(lib_a-__atexit.o)
 .debug_str     0x00000000      0x33d /usr/lib/gcc/arm-none-eabi/12.2.0/../../../../arm-none-eabi/lib/thumb/v7-m/nofp/libc_nano.a(lib_a-__atexit.o)
 .comment       0x00000000       0x24 /usr/lib/gcc/arm-none-eabi/12.2.0/../../../../arm-none-eabi/lib/thumb/v7-m/nofp/libc_nano.a(lib_a-__atexit.o)
 .debug_frame   0x00000000       0x34 /usr/lib/gcc/arm-none-eabi/12.2.0/../../../../arm-none-eabi/lib/thumb/v7-m/nofp/libc_nano.a(lib_a-__atexit.o)
 .ARM.attributes
                0x00000000       0x2d /usr/lib/gcc/arm-none-eabi/12.2.0/../../../../arm-none-eabi/lib/thumb/v7-m/nofp/libc_nano.a(lib_a-__atexit.o)
 .text          0x00000000        0x0 /usr/lib/gcc/arm-none-eabi/12.2.0/../../../../arm-none-eabi/lib/thumb/v7-m/nofp/libc_nano.a(lib_a-__call_atexit.o)
 .data          0x00000000        0x0 /usr/lib/gcc/arm-none-eabi/12.2.0/../../../../arm-none-eabi/lib/thumb/v7-m/nofp/libc_nano.a(lib_a-__call_atexit.o)
 .bss           0x00000000        0x0 /usr/lib/gcc/arm-none-eabi/12.2.0/../../../../arm-none-eabi/lib/thumb/v7-m/nofp/libc_nano.a(lib_a-__call_atexit.o)
 .text.__call_exitprocs
                0x00000000       0xb8 /usr/lib/gcc/arm-none-eabi/12.2.0/../../../../arm-none-eabi/lib/thumb/v7-m/nofp/libc_nano.a(lib_a-__call_atexit.o)
 .bss._global_atexit
                0x00000000        0x4 /usr/lib/gcc/arm-none-eabi/12.2.0/../../../../arm-none-eabi/lib/thumb/v7-m/nofp/libc_nano.a(lib_a-__call_atexit.o)
 .data.__atexit_recursive_mutex
                0x00000000        0x4 /usr/lib/gcc/arm-none-eabi/12.2.0/../../../../arm-none-eabi/lib/thumb/v7-m/nofp/libc_nano.a(lib_a-__call_atexit.o)
 .debug_info    0x00000000      0x28f /usr/lib/gcc/arm-none-eabi/12.2.0/../../../../arm-none-eabi/lib/thumb/v7-m/nofp/libc_nano.a(lib_a-__call_atexit.o)
 .debug_abbrev  0x00000000      0x1cd /usr/lib/gcc/arm-none-eabi/12.2.0/../../../../arm-none-eabi/lib/thumb/v7-m/nofp/libc_nano.a(lib_a-__call_atexit.o)
 .debug_loclists
                0x00000000      0x10c /usr/lib/gcc/arm-none-eabi/12.2.0/../../../../arm-none-eabi/lib/thumb/v7-m/nofp/libc_nano.a(lib_a-__call_atexit.o)
 .debug_aranges
                0x00000000       0x20 /usr/lib/gcc/arm-none-eabi/12.2.0/../../../../arm-none-eabi/lib/thumb/v7-m/nofp/libc_nano.a(lib_a-__call_atexit.o)
 .debug_rnglists
                0x00000000       0x23 /usr/lib/gcc/arm-none-eabi/12.2.0/../../../../arm-none-eabi/lib/thumb/v7-m/nofp/libc_nano.a(lib_a-__call_atexit.o)
 .debug_line    0x00000000      0x1eb /usr/lib/gcc/arm-none-eabi/12.2.0/../../../../arm-none-eabi/lib/thumb/v7-m/nofp/libc_nano.a(lib_a-__call_atexit.o)
 .debug_str     0x00000000      0x2d8 /usr/lib/gcc/arm-none-eabi/12.2.0/../../../../arm-none-eabi/lib/thumb/v7-m/nofp/libc_nano.a(lib_a-__call_atexit.o)
 .comment       0x00000000       0x24 /usr/lib/gcc/arm-none-eabi/12.2.0/../../../../arm-none-eabi/lib/thumb/v7-m/nofp/libc_nano.a(lib_a-__call_atexit.o)
 .debug_frame   0x00000000       0x48 /usr/lib/gcc/arm-none-eabi/12.2.0/../../../../arm-none-eabi/lib/thumb/v7-m/nofp/libc_nano.a(lib_a-__call_atexit.o)
 .ARM.attributes
                0x00000000       0x2d /usr/lib/gcc/arm-none-eabi/12.2.0/../../../../arm-none-eabi/lib/thumb/v7-m/nofp/libc_nano.a(lib_a-__call_atexit.o)
 .text          0x00000000        0x0 /usr/lib/gcc/arm-none-eabi/12.2.0/../../../../arm-none-eabi/lib/thumb/v7-m/nofp/libc_nano.a(lib_a-lock.o)
 .data          0x00000000        0x0 /usr/lib/gcc/arm-none-eabi/12.2.0/../../../../arm-none-eabi/lib/thumb/v7-m/nofp/libc_nano.a(lib_a-lock.o)
 .bss           0x00000000        0x0 /usr/lib/gcc/arm-none-eabi/12.2.0/../../../../arm-none-eabi/lib/thumb/v7-m/nofp/libc_nano.a(lib_a-lock.o)
 .text.__retarget_lock_init
                0x00000000        0x2 /usr/lib/gcc/arm-none-eabi/12.2.0/../../../../arm-none-eabi/lib/thumb/v7-m/nofp/libc_nano.a(lib_a-lock.o)
 .text.__retarget_lock_init_recursive
                0x00000000        0x2 /usr/lib/gcc/arm-none-eabi/12.2.0/../../../../arm-none-eabi/lib/thumb/v7-m/nofp/libc_nano.a(lib_a-lock.o)
 .text.__retarget_lock_close
                0x00000000        0x2 /usr/lib/gcc/arm-none-eabi/12.2.0/../../../../arm-none-eabi/lib/thumb/v7-m/nofp/libc_nano.a(lib_a-lock.o)
 .text.__retarget_lock_close_recursive
                0x00000000        0x2 /usr/lib/gcc/arm-none-eabi/12.2.0/../../../../arm-none-eabi/lib/thumb/v7-m/nofp/libc_nano.a(lib_a-lock.o)
 .text.__retarget_lock_acquire
                0x00000000        0x2 /usr/lib/gcc/arm-none-eabi/12.2.0/../../../../arm-none-eabi/lib/thumb/v7-m/nofp/libc_nano.a(lib_a-lock.o)
 .text.__retarget_lock_acquire_recursive
                0x00000000        0x2 /usr/lib/gcc/arm-none-eabi/12.2.0/../../../../arm-none-eabi/lib/thumb/v7-m/nofp/libc_nano.a(lib_a-lock.o)
 .text.__retarget_lock_try_acquire
                0x00000000        0x4 /usr/lib/gcc/arm-none-eabi/12.2.0/../../../../arm-none-eabi/lib/thumb/v7-m/nofp/libc_nano.a(lib_a-lock.o)
 .text.__retarget_lock_try_acquire_recursive
                0x00000000        0x4 /usr/lib/gcc/arm-none-eabi/12.2.0/../../../../arm-none-eabi/lib/thumb/v7-m/nofp/libc_nano.a(lib_a-lock.o)
 .text.__retarget_lock_release
                0x00000000        0x2 /usr/lib/gcc/arm-none-eabi/12.2.0/../../../../arm-none-eabi/lib/thumb/v7-m/nofp/libc_nano.a(lib_a-lock.o)
 .text.__retarget_lock_release_recursive
                0x00000000        0x2 /usr/lib/gcc/arm-none-eabi/12.2.0/../../../../arm-none-eabi/lib/thumb/v7-m/nofp/libc_nano.a(lib_a-lock.o)
 .bss.__lock___arc4random_mutex
                0x00000000        0x1 /usr/lib/gcc/arm-none-eabi/12.2.0/../../../../arm-none-eabi/lib/thumb/v7-m/nofp/libc_nano.a(lib_a-lock.o)
 .bss.__lock___at_quick_exit_mutex
                0x00000000        0x1 /usr/lib/gcc/arm-none-eabi/12.2.0/../../../../arm-none-eabi/lib/thumb/v7-m/nofp/libc_nano.a(lib_a-lock.o)
 .bss.__lock___atexit_recursive_mutex
                0x00000000        0x1 /usr/lib/gcc/arm-none-eabi/12.2.0/../../../../arm-none-eabi/lib/thumb/v7-m/nofp/libc_nano.a(lib_a-lock.o)
 .bss.__lock___dd_hash_mutex
                0x00000000        0x1 /usr/lib/gcc/arm-none-eabi/12.2.0/../../../../arm-none-eabi/lib/thumb/v7-m/nofp/libc_nano.a(lib_a-lock.o)
 .bss.__lock___env_recursive_mutex
                0x00000000        0x1 /usr/lib/gcc/arm-none-eabi/12.2.0/../../../../arm-none-eabi/lib/thumb/v7-m/nofp/libc_nano.a(lib_a-lock.o)
 .bss.__lock___malloc_recursive_mutex
                0x00000000        0x1 /usr/lib/gcc/arm-none-eabi/12.2.0/../../../../arm-none-eabi/lib/thumb/v7-m/nofp/libc_nano.a(lib_a-lock.o)
 .bss.__lock___sfp_recursive_mutex
                0x00000000        0x1 /usr/lib/gcc/arm-none-eabi/12.2.0/../../../../arm-none-eabi/lib/thumb/v7-m/nofp/libc_nano.a(lib_a-lock.o)
 .bss.__lock___sinit_recursive_mutex
                0x00000000        0x1 /usr/lib/gcc/arm-none-eabi/12.2.0/../../../../arm-none-eabi/lib/thumb/v7-m/nofp/libc_nano.a(lib_a-lock.o)
 .bss.__lock___tz_mutex
                0x00000000        0x1 /usr/lib/gcc/arm-none-eabi/12.2.0/../../../../arm-none-eabi/lib/thumb/v7-m/nofp/libc_nano.a(lib_a-lock.o)
 .debug_info    0x00000000      0x21a /usr/lib/gcc/arm-none-eabi/12.2.0/../../../../arm-none-eabi/lib/thumb/v7-m/nofp/libc_nano.a(lib_a-lock.o)
 .debug_abbrev  0x00000000      0x115 /usr/lib/gcc/arm-none-eabi/12.2.0/../../../../arm-none-eabi/lib/thumb/v7-m/nofp/libc_nano.a(lib_a-lock.o)
 .debug_loclists
                0x00000000       0x23 /usr/lib/gcc/arm-none-eabi/12.2.0/../../../../arm-none-eabi/lib/thumb/v7-m/nofp/libc_nano.a(lib_a-lock.o)
 .debug_aranges
                0x00000000       0x28 /usr/lib/gcc/arm-none-eabi/12.2.0/../../../../arm-none-eabi/lib/thumb/v7-m/nofp/libc_nano.a(lib_a-lock.o)
 .debug_rnglists
                0x00000000       0x19 /usr/lib/gcc/arm-none-eabi/12.2.0/../../../../arm-none-eabi/lib/thumb/v7-m/nofp/libc_nano.a(lib_a-lock.o)
 .debug_line    0x00000000       0xc2 /usr/lib/gcc/arm-none-eabi/12.2.0/../../../../arm-none-eabi/lib/thumb/v7-m/nofp/libc_nano.a(lib_a-lock.o)
 .debug_str     0x00000000      0x346 /usr/lib/gcc/arm-none-eabi/12.2.0/../../../../arm-none-eabi/lib/thumb/v7-m/nofp/libc_nano.a(lib_a-lock.o)
 .comment       0x00000000       0x24 /usr/lib/gcc/arm-none-eabi/12.2.0/../../../../arm-none-eabi/lib/thumb/v7-m/nofp/libc_nano.a(lib_a-lock.o)
 .debug_frame   0x00000000       0xb0 /usr/lib/gcc/arm-none-eabi/12.2.0/../../../../arm-none-eabi/lib/thumb/v7-m/nofp/libc_nano.a(lib_a-lock.o)
 .ARM.attributes
                0x00000000       0x2d /usr/lib/gcc/arm-none-eabi/12.2.0/../../../../arm-none-eabi/lib/thumb/v7-m/nofp/libc_nano.a(lib_a-lock.o)
 .text          0x00000000        0x0 /usr/lib/gcc/arm-none-eabi/12.2.0/../../../../arm-none-eabi/lib/thumb/v7-m/nofp/libnosys.a(_exit.o)
 .data          0x00000000        0x0 /usr/lib/gcc/arm-none-eabi/12.2.0/../../../../arm-none-eabi/lib/thumb/v7-m/nofp/libnosys.a(_exit.o)
 .bss           0x00000000        0x0 /usr/lib/gcc/arm-none-eabi/12.2.0/../../../../arm-none-eabi/lib/thumb/v7-m/nofp/libnosys.a(_exit.o)
 .text._exit    0x00000000        0x4 /usr/lib/gcc/arm-none-eabi/12.2.0/../../../../arm-none-eabi/lib/thumb/v7-m/nofp/libnosys.a(_exit.o)
 .debug_info    0x00000000       0xa4 /usr/lib/gcc/arm-none-eabi/12.2.0/../../../../arm-none-eabi/lib/thumb/v7-m/nofp/libnosys.a(_exit.o)
 .debug_abbrev  0x00000000       0x69 /usr/lib/gcc/arm-none-eabi/12.2.0/../../../../arm-none-eabi/lib/thumb/v7-m/nofp/libnosys.a(_exit.o)
 .debug_loclists
                0x00000000       0x17 /usr/lib/gcc/arm-none-eabi/12.2.0/../../../../arm-none-eabi/lib/thumb/v7-m/nofp/libnosys.a(_exit.o)
 .debug_aranges
                0x00000000       0x20 /usr/lib/gcc/arm-none-eabi/12.2.0/../../../../arm-none-eabi/lib/thumb/v7-m/nofp/libnosys.a(_exit.o)
 .debug_rnglists
                0x00000000       0x13 /usr/lib/gcc/arm-none-eabi/12.2.0/../../../../arm-none-eabi/lib/thumb/v7-m/nofp/libnosys.a(_exit.o)
 .debug_line    0x00000000       0x6c /usr/lib/gcc/arm-none-eabi/12.2.0/../../../../arm-none-eabi/lib/thumb/v7-m/nofp/libnosys.a(_exit.o)
 .debug_str     0x00000000      0x192 /usr/lib/gcc/arm-none-eabi/12.2.0/../../../../arm-none-eabi/lib/thumb/v7-m/nofp/libnosys.a(_exit.o)
 .comment       0x00000000       0x24 /usr/lib/gcc/arm-none-eabi/12.2.0/../../../../arm-none-eabi/lib/thumb/v7-m/nofp/libnosys.a(_exit.o)
 .debug_frame   0x00000000       0x20 /usr/lib/gcc/arm-none-eabi/12.2.0/../../../../arm-none-eabi/lib/thumb/v7-m/nofp/libnosys.a(_exit.o)
 .ARM.attributes
                0x00000000       0x2d /usr/lib/gcc/arm-none-eabi/12.2.0/../../../../arm-none-eabi/lib/thumb/v7-m/nofp/libnosys.a(_exit.o)
 .text          0x00000000        0x0 /usr/lib/gcc/arm-none-eabi/12.2.0/thumb/v7-m/nofp/crtend.o
 .data          0x00000000        0x0 /usr/lib/gcc/arm-none-eabi/12.2.0/thumb/v7-m/nofp/crtend.o
 .bss           0x00000000        0x0 /usr/lib/gcc/arm-none-eabi/12.2.0/thumb/v7-m/nofp/crtend.o
 .rodata        0x00000000       0x24 /usr/lib/gcc/arm-none-eabi/12.2.0/thumb/v7-m/nofp/crtend.o
 .eh_frame      0x00000000        0x4 /usr/lib/gcc/arm-none-eabi/12.2.0/thumb/v7-m/nofp/crtend.o
 .text          0x00000000        0x0 /usr/lib/gcc/arm-none-eabi/12.2.0/thumb/v7-m/nofp/crtn.o
 .data          0x00000000        0x0 /usr/lib/gcc/arm-none-eabi/12.2.0/thumb/v7-m/nofp/crtn.o
 .bss           0x00000000        0x0 /usr/lib/gcc/arm-none-eabi/12.2.0/thumb/v7-m/nofp/crtn.o

Memory Configuration

Name             Origin             Length             Attributes
RAM              0x20000000         0x00014000         xrw
FLASH            0x08000000         0x00080000         xr
*default*        0x00000000         0xffffffff

Linker script and memory map

LOAD /usr/lib/gcc/arm-none-eabi/12.2.0/thumb/v7-m/nofp/crti.o
LOAD /usr/lib/gcc/arm-none-eabi/12.2.0/thumb/v7-m/nofp/crtbegin.o
LOAD /usr/lib/gcc/arm-none-eabi/12.2.0/../../../../arm-none-eabi/lib/thumb/v7-m/nofp/crt0.o
LOAD build/main.o
LOAD build/waveform.o
LOAD build/stm32l152-setup.o
LOAD build/stm32l1xx_it.o
LOAD build/system_stm32l1xx.o
LOAD build/startup_stm32l152xe.o
LOAD /usr/lib/gcc/arm-none-eabi/12.2.0/../../../../arm-none-eabi/lib/thumb/v7-m/nofp/libc_nano.a
LOAD /usr/lib/gcc/arm-none-eabi/12.2.0/../../../../arm-none-eabi/lib/thumb/v7-m/nofp/libm.a
LOAD /usr/lib/gcc/arm-none-eabi/12.2.0/../../../../arm-none-eabi/lib/thumb/v7-m/nofp/libnosys.a
START GROUP
LOAD /usr/lib/gcc/arm-none-eabi/12.2.0/thumb/v7-m/nofp/libgcc.a
LOAD /usr/lib/gcc/arm-none-eabi/12.2.0/../../../../arm-none-eabi/lib/thumb/v7-m/nofp/libc_nano.a
END GROUP
START GROUP
LOAD /usr/lib/gcc/arm-none-eabi/12.2.0/thumb/v7-m/nofp/libgcc.a
LOAD /usr/lib/gcc/arm-none-eabi/12.2.0/../../../../arm-none-eabi/lib/thumb/v7-m/nofp/libc_nano.a
END GROUP
LOAD /usr/lib/gcc/arm-none-eabi/12.2.0/thumb/v7-m/nofp/crtend.o
LOAD /usr/lib/gcc/arm-none-eabi/12.2.0/thumb/v7-m/nofp/crtn.o
                0x20014000                        _estack = (ORIGIN (RAM) + LENGTH (RAM))
                0x00000200                        _Min_Heap_Size = 0x200
                0x00000400                        _Min_Stack_Size = 0x400

.isr_vector     0x08000000      0x13c
                0x08000000                        . = ALIGN (0x4)
 *(.isr_vector)
 .isr_vector    0x08000000      0x13c build/startup_stm32l152xe.o
                0x08000000                g_pfnVectors
                0x0800013c                        . = ALIGN (0x4)

.text           0x0800013c      0x514
                0x0800013c                        . = ALIGN (0x4)
 *(.text)
 .text          0x0800013c       0x88 /usr/lib/gcc/arm-none-eabi/12.2.0/thumb/v7-m/nofp/crtbegin.o
 *(.text*)
 .text.main     0x080001c4       0x18 build/main.o
                0x080001c4                main
 .text.TIM7_IRQHandler
                0x080001dc       0x24 build/main.o
                0x080001dc                TIM7_IRQHandler
 .text._configureDacDMA
                0x08000200       0x54 build/stm32l152-setup.o
 .text._configureDMA
                0x08000254       0x28 build/stm32l152-setup.o
 .text._configureDacTimer
                0x0800027c       0x54 build/stm32l152-setup.o
 .text._configClock
                0x080002d0       0xc8 build/stm32l152-setup.o
 .text.configure_timers
                0x08000398        0x8 build/stm32l152-setup.o
                0x08000398                configure_timers
 .text.configure_dac
                0x080003a0       0x34 build/stm32l152-setup.o
                0x080003a0                configure_dac
 .text.start_output
                0x080003d4       0x24 build/stm32l152-setup.o
                0x080003d4                start_output
 .text.configure_gpio
                0x080003f8       0x3c build/stm32l152-setup.o
                0x080003f8                configure_gpio
 .text.enable_tick
                0x08000434       0x48 build/stm32l152-setup.o
                0x08000434                enable_tick
 .text.platform_init
                0x0800047c       0x20 build/stm32l152-setup.o
                0x0800047c                platform_init
 .text.NMI_Handler
                0x0800049c        0x2 build/stm32l1xx_it.o
                0x0800049c                NMI_Handler
 .text.HardFault_Handler
                0x0800049e        0x2 build/stm32l1xx_it.o
                0x0800049e                HardFault_Handler
 .text.MemManage_Handler
                0x080004a0        0x2 build/stm32l1xx_it.o
                0x080004a0                MemManage_Handler
 .text.BusFault_Handler
                0x080004a2        0x2 build/stm32l1xx_it.o
                0x080004a2                BusFault_Handler
 .text.UsageFault_Handler
                0x080004a4        0x2 build/stm32l1xx_it.o
                0x080004a4                UsageFault_Handler
 .text.SVC_Handler
                0x080004a6        0x2 build/stm32l1xx_it.o
                0x080004a6                SVC_Handler
 .text.DebugMon_Handler
                0x080004a8        0x2 build/stm32l1xx_it.o
                0x080004a8                DebugMon_Handler
 .text.PendSV_Handler
                0x080004aa        0x2 build/stm32l1xx_it.o
                0x080004aa                PendSV_Handler
 .text.SysTick_Handler
                0x080004ac       0x10 build/stm32l1xx_it.o
                0x080004ac                SysTick_Handler
 .text.SystemInit
                0x080004bc        0x2 build/system_stm32l1xx.o
                0x080004bc                SystemInit
 *fill*         0x080004be        0x2 
 .text.SystemCoreClockUpdate
                0x080004c0       0xc8 build/system_stm32l1xx.o
                0x080004c0                SystemCoreClockUpdate
 .text.Reset_Handler
                0x08000588       0x48 build/startup_stm32l152xe.o
                0x08000588                Reset_Handler
 .text.Default_Handler
                0x080005d0        0x2 build/startup_stm32l152xe.o
                0x080005d0                RTC_Alarm_IRQHandler
                0x080005d0                EXTI2_IRQHandler
                0x080005d0                COMP_ACQ_IRQHandler
                0x080005d0                TIM10_IRQHandler
                0x080005d0                USB_HP_IRQHandler
                0x080005d0                TIM6_IRQHandler
                0x080005d0                PVD_IRQHandler
                0x080005d0                EXTI3_IRQHandler
                0x080005d0                EXTI0_IRQHandler
                0x080005d0                I2C2_EV_IRQHandler
                0x080005d0                SPI1_IRQHandler
                0x080005d0                USB_FS_WKUP_IRQHandler
                0x080005d0                DMA2_Channel2_IRQHandler
                0x080005d0                DMA1_Channel4_IRQHandler
                0x080005d0                ADC1_IRQHandler
                0x080005d0                USART3_IRQHandler
                0x080005d0                DMA1_Channel7_IRQHandler
                0x080005d0                LCD_IRQHandler
                0x080005d0                UART5_IRQHandler
                0x080005d0                TIM4_IRQHandler
                0x080005d0                DMA2_Channel1_IRQHandler
                0x080005d0                I2C1_EV_IRQHandler
                0x080005d0                DMA1_Channel6_IRQHandler
                0x080005d0                UART4_IRQHandler
                0x080005d0                DMA2_Channel4_IRQHandler
                0x080005d0                TIM3_IRQHandler
                0x080005d0                RCC_IRQHandler
                0x080005d0                DMA1_Channel1_IRQHandler
                0x080005d0                Default_Handler
                0x080005d0                EXTI15_10_IRQHandler
                0x080005d0                TIM5_IRQHandler
                0x080005d0                EXTI9_5_IRQHandler
                0x080005d0                TIM9_IRQHandler
                0x080005d0                TAMPER_STAMP_IRQHandler
                0x080005d0                RTC_WKUP_IRQHandler
                0x080005d0                SPI2_IRQHandler
                0x080005d0                DMA2_Channel5_IRQHandler
                0x080005d0                DMA1_Channel5_IRQHandler
                0x080005d0                USB_LP_IRQHandler
                0x080005d0                EXTI4_IRQHandler
                0x080005d0                DMA1_Channel3_IRQHandler
                0x080005d0                COMP_IRQHandler
                0x080005d0                WWDG_IRQHandler
                0x080005d0                TIM2_IRQHandler
                0x080005d0                DAC_IRQHandler
                0x080005d0                EXTI1_IRQHandler
                0x080005d0                TIM11_IRQHandler
                0x080005d0                USART2_IRQHandler
                0x080005d0                I2C2_ER_IRQHandler
                0x080005d0                DMA1_Channel2_IRQHandler
                0x080005d0                FLASH_IRQHandler
                0x080005d0                USART1_IRQHandler
                0x080005d0                SPI3_IRQHandler
                0x080005d0                I2C1_ER_IRQHandler
                0x080005d0                DMA2_Channel3_IRQHandler
 *fill*         0x080005d2        0x2 
 .text.__libc_init_array
                0x080005d4       0x48 /usr/lib/gcc/arm-none-eabi/12.2.0/../../../../arm-none-eabi/lib/thumb/v7-m/nofp/libc_nano.a(lib_a-init.o)
                0x080005d4                __libc_init_array
 .text.memcpy   0x0800061c       0x1c /usr/lib/gcc/arm-none-eabi/12.2.0/../../../../arm-none-eabi/lib/thumb/v7-m/nofp/libc_nano.a(lib_a-memcpy-stub.o)
                0x0800061c                memcpy
 *(.glue_7)
 .glue_7        0x08000638        0x0 linker stubs
 *(.glue_7t)
 .glue_7t       0x08000638        0x0 linker stubs
 *(.eh_frame)
 .eh_frame      0x08000638        0x0 /usr/lib/gcc/arm-none-eabi/12.2.0/thumb/v7-m/nofp/crtbegin.o
 *(.init)
 .init          0x08000638        0x4 /usr/lib/gcc/arm-none-eabi/12.2.0/thumb/v7-m/nofp/crti.o
                0x08000638                _init
 .init          0x0800063c        0x8 /usr/lib/gcc/arm-none-eabi/12.2.0/thumb/v7-m/nofp/crtn.o
 *(.fini)
 .fini          0x08000644        0x4 /usr/lib/gcc/arm-none-eabi/12.2.0/thumb/v7-m/nofp/crti.o
                0x08000644                _fini
 .fini          0x08000648        0x8 /usr/lib/gcc/arm-none-eabi/12.2.0/thumb/v7-m/nofp/crtn.o
                0x08000650                        . = ALIGN (0x4)
                0x08000650                        _etext = .

.vfp11_veneer   0x08000650        0x0
 .vfp11_veneer  0x08000650        0x0 linker stubs

.v4_bx          0x08000650        0x0
 .v4_bx         0x08000650        0x0 linker stubs

.iplt           0x08000650        0x0
 .iplt          0x08000650        0x0 /usr/lib/gcc/arm-none-eabi/12.2.0/thumb/v7-m/nofp/crtbegin.o

.rodata         0x08000650       0xe4
                0x08000650                        . = ALIGN (0x4)
 *(.rodata)
 *(.rodata*)
 .rodata.SINE_WF
                0x08000650       0xc8 build/waveform.o
                0x08000650                SINE_WF
 .rodata.AHBPrescTable
                0x08000718       0x10 build/system_stm32l1xx.o
                0x08000718                AHBPrescTable
 .rodata.PLLMulTable
                0x08000728        0x9 build/system_stm32l1xx.o
                0x08000728                PLLMulTable
                0x08000734                        . = ALIGN (0x4)
 *fill*         0x08000731        0x3 

.rel.dyn        0x08000734        0x0
 .rel.iplt      0x08000734        0x0 /usr/lib/gcc/arm-none-eabi/12.2.0/thumb/v7-m/nofp/crtbegin.o

.ARM.extab
 *(.ARM.extab* .gnu.linkonce.armextab.*)

.ARM            0x08000734        0x0
                0x08000734                        __exidx_start = .
 *(.ARM.exidx*)
                0x08000734                        __exidx_end = .

.preinit_array  0x08000734        0x0
                0x08000734                        PROVIDE (__preinit_array_start = .)
 *(.preinit_array*)
                0x08000734                        PROVIDE (__preinit_array_end = .)

.init_array     0x08000734        0x4
                0x08000734                        PROVIDE (__init_array_start = .)
 *(SORT_BY_NAME(.init_array.*))
 *(.init_array*)
 .init_array    0x08000734        0x4 /usr/lib/gcc/arm-none-eabi/12.2.0/thumb/v7-m/nofp/crtbegin.o
                0x08000738                        PROVIDE (__init_array_end = .)

.fini_array     0x08000738        0x4
                0x08000738                        PROVIDE (__fini_array_start = .)
 *(SORT_BY_NAME(.fini_array.*))
 *(.fini_array*)
 .fini_array    0x08000738        0x4 /usr/lib/gcc/arm-none-eabi/12.2.0/thumb/v7-m/nofp/crtbegin.o
                0x0800073c                        PROVIDE (__fini_array_end = .)
                0x0800073c                        _sidata = LOADADDR (.data)

.data           0x20000000        0x4 load address 0x0800073c
                0x20000000                        . = ALIGN (0x4)
                0x20000000                        _sdata = .
 *(.data)
 *(.data*)
 .data.SystemCoreClock
                0x20000000        0x4 build/system_stm32l1xx.o
                0x20000000                SystemCoreClock
                0x20000004                        . = ALIGN (0x4)
                0x20000004                        _edata = .

.tm_clone_table
                0x20000004        0x0 load address 0x08000740
 .tm_clone_table
                0x20000004        0x0 /usr/lib/gcc/arm-none-eabi/12.2.0/thumb/v7-m/nofp/crtbegin.o
 .tm_clone_table
                0x20000004        0x0 /usr/lib/gcc/arm-none-eabi/12.2.0/thumb/v7-m/nofp/crtend.o

.igot.plt       0x20000004        0x0 load address 0x08000740
 .igot.plt      0x20000004        0x0 /usr/lib/gcc/arm-none-eabi/12.2.0/thumb/v7-m/nofp/crtbegin.o
                0x20000004                        . = ALIGN (0x4)

.bss            0x20000004       0xe8 load address 0x08000740
                0x20000004                        _sbss = .
                0x20000004                        __bss_start__ = _sbss
 *(.bss)
 .bss           0x20000004       0x1c /usr/lib/gcc/arm-none-eabi/12.2.0/thumb/v7-m/nofp/crtbegin.o
 *(.bss*)
 .bss.WF_BUFFER
                0x20000020       0xc8 build/waveform.o
                0x20000020                WF_BUFFER
 .bss.SYSTICK_VAL
                0x200000e8        0x4 build/stm32l1xx_it.o
                0x200000e8                SYSTICK_VAL
 *(COMMON)
                0x200000ec                        . = ALIGN (0x4)
                0x200000ec                        _ebss = .
                0x200000ec                        __bss_end__ = _ebss

._user_heap_stack
                0x200000ec      0x604 load address 0x08000740
                0x200000f0                        . = ALIGN (0x8)
 *fill*         0x200000ec        0x4 
                [!provide]                        PROVIDE (end = .)
                [!provide]                        PROVIDE (_end = .)
                0x200002f0                        . = (. + _Min_Heap_Size)
 *fill*         0x200000f0      0x200 
                0x200006f0                        . = (. + _Min_Stack_Size)
 *fill*         0x200002f0      0x400 
                0x200006f0                        . = ALIGN (0x8)

/DISCARD/
 libc.a(*)
 libm.a(*)
 libgcc.a(*)

.ARM.attributes
                0x00000000       0x29
 *(.ARM.attributes)
 .ARM.attributes
                0x00000000       0x1d /usr/lib/gcc/arm-none-eabi/12.2.0/thumb/v7-m/nofp/crti.o
 .ARM.attributes
                0x0000001d       0x2d /usr/lib/gcc/arm-none-eabi/12.2.0/thumb/v7-m/nofp/crtbegin.o
 .ARM.attributes
                0x0000004a       0x2d build/main.o
 .ARM.attributes
                0x00000077       0x2d build/waveform.o
 .ARM.attributes
                0x000000a4       0x2d build/stm32l152-setup.o
 .ARM.attributes
                0x000000d1       0x2d build/stm32l1xx_it.o
 .ARM.attributes
                0x000000fe       0x2d build/system_stm32l1xx.o
 .ARM.attributes
                0x0000012b       0x21 build/startup_stm32l152xe.o
 .ARM.attributes
                0x0000014c       0x2d /usr/lib/gcc/arm-none-eabi/12.2.0/../../../../arm-none-eabi/lib/thumb/v7-m/nofp/libc_nano.a(lib_a-init.o)
 .ARM.attributes
                0x00000179       0x2d /usr/lib/gcc/arm-none-eabi/12.2.0/../../../../arm-none-eabi/lib/thumb/v7-m/nofp/libc_nano.a(lib_a-memcpy-stub.o)
 .ARM.attributes
                0x000001a6       0x2d /usr/lib/gcc/arm-none-eabi/12.2.0/thumb/v7-m/nofp/crtend.o
 .ARM.attributes
                0x000001d3       0x1d /usr/lib/gcc/arm-none-eabi/12.2.0/thumb/v7-m/nofp/crtn.o
OUTPUT(build/ThereMin.elf elf32-littlearm)
LOAD linker stubs
LOAD /usr/lib/gcc/arm-none-eabi/12.2.0/../../../../arm-none-eabi/lib/thumb/v7-m/nofp/libc.a
LOAD /usr/lib/gcc/arm-none-eabi/12.2.0/../../../../arm-none-eabi/lib/thumb/v7-m/nofp/libm.a
LOAD /usr/lib/gcc/arm-none-eabi/12.2.0/thumb/v7-m/nofp/libgcc.a

.comment        0x00000000       0x46
 .comment       0x00000000       0x23 /usr/lib/gcc/arm-none-eabi/12.2.0/thumb/v7-m/nofp/crtbegin.o
                                 0x24 (size before relaxing)
 .comment       0x00000023       0x24 build/main.o
 .comment       0x00000023       0x24 build/waveform.o
 .comment       0x00000023       0x24 build/stm32l152-setup.o
 .comment       0x00000023       0x24 build/stm32l1xx_it.o
 .comment       0x00000023       0x24 build/system_stm32l1xx.o
 .comment       0x00000023       0x23 /usr/lib/gcc/arm-none-eabi/12.2.0/../../../../arm-none-eabi/lib/thumb/v7-m/nofp/libc_nano.a(lib_a-init.o)
                                 0x24 (size before relaxing)
 .comment       0x00000046       0x24 /usr/lib/gcc/arm-none-eabi/12.2.0/../../../../arm-none-eabi/lib/thumb/v7-m/nofp/libc_nano.a(lib_a-memcpy-stub.o)
 .comment       0x00000046       0x24 /usr/lib/gcc/arm-none-eabi/12.2.0/thumb/v7-m/nofp/crtend.o

.debug_info     0x00000000     0x1ebc
 .debug_info    0x00000000      0x781 build/main.o
 .debug_info    0x00000781      0x120 build/waveform.o
 .debug_info    0x000008a1      0xf6b build/stm32l152-setup.o
 .debug_info    0x0000180c      0x16f build/stm32l1xx_it.o
 .debug_info    0x0000197b      0x2e5 build/system_stm32l1xx.o
 .debug_info    0x00001c60       0x30 build/startup_stm32l152xe.o
 .debug_info    0x00001c90      0x10b /usr/lib/gcc/arm-none-eabi/12.2.0/../../../../arm-none-eabi/lib/thumb/v7-m/nofp/libc_nano.a(lib_a-init.o)
 .debug_info    0x00001d9b      0x121 /usr/lib/gcc/arm-none-eabi/12.2.0/../../../../arm-none-eabi/lib/thumb/v7-m/nofp/libc_nano.a(lib_a-memcpy-stub.o)

.debug_abbrev   0x00000000      0x864
 .debug_abbrev  0x00000000      0x1f0 build/main.o
 .debug_abbrev  0x000001f0       0x77 build/waveform.o
 .debug_abbrev  0x00000267      0x2bd build/stm32l152-setup.o
 .debug_abbrev  0x00000524       0x7e build/stm32l1xx_it.o
 .debug_abbrev  0x000005a2      0x11b build/system_stm32l1xx.o
 .debug_abbrev  0x000006bd       0x1d build/startup_stm32l152xe.o
 .debug_abbrev  0x000006da       0xc9 /usr/lib/gcc/arm-none-eabi/12.2.0/../../../../arm-none-eabi/lib/thumb/v7-m/nofp/libc_nano.a(lib_a-init.o)
 .debug_abbrev  0x000007a3       0xc1 /usr/lib/gcc/arm-none-eabi/12.2.0/../../../../arm-none-eabi/lib/thumb/v7-m/nofp/libc_nano.a(lib_a-memcpy-stub.o)

.debug_loc      0x00000000      0x3ba
 .debug_loc     0x00000000       0x4e build/main.o
 .debug_loc     0x0000004e      0x196 build/stm32l152-setup.o
 .debug_loc     0x000001e4      0x1d6 build/system_stm32l1xx.o

.debug_aranges  0x00000000      0x1a8
 .debug_aranges
                0x00000000       0x28 build/main.o
 .debug_aranges
                0x00000028       0x18 build/waveform.o
 .debug_aranges
                0x00000040       0x78 build/stm32l152-setup.o
 .debug_aranges
                0x000000b8       0x60 build/stm32l1xx_it.o
 .debug_aranges
                0x00000118       0x28 build/system_stm32l1xx.o
 .debug_aranges
                0x00000140       0x28 build/startup_stm32l152xe.o
 .debug_aranges
                0x00000168       0x20 /usr/lib/gcc/arm-none-eabi/12.2.0/../../../../arm-none-eabi/lib/thumb/v7-m/nofp/libc_nano.a(lib_a-init.o)
 .debug_aranges
                0x00000188       0x20 /usr/lib/gcc/arm-none-eabi/12.2.0/../../../../arm-none-eabi/lib/thumb/v7-m/nofp/libc_nano.a(lib_a-memcpy-stub.o)

.debug_ranges   0x00000000      0x108
 .debug_ranges  0x00000000       0x18 build/main.o
 .debug_ranges  0x00000018       0x68 build/stm32l152-setup.o
 .debug_ranges  0x00000080       0x50 build/stm32l1xx_it.o
 .debug_ranges  0x000000d0       0x18 build/system_stm32l1xx.o
 .debug_ranges  0x000000e8       0x20 build/startup_stm32l152xe.o

.debug_line     0x00000000      0xe35
 .debug_line    0x00000000      0x18f build/main.o
 .debug_line    0x0000018f       0xae build/waveform.o
 .debug_line    0x0000023d      0x59f build/stm32l152-setup.o
 .debug_line    0x000007dc      0x1c0 build/stm32l1xx_it.o
 .debug_line    0x0000099c      0x1e7 build/system_stm32l1xx.o
 .debug_line    0x00000b83       0x75 build/startup_stm32l152xe.o
 .debug_line    0x00000bf8      0x11a /usr/lib/gcc/arm-none-eabi/12.2.0/../../../../arm-none-eabi/lib/thumb/v7-m/nofp/libc_nano.a(lib_a-init.o)
 .debug_line    0x00000d12      0x123 /usr/lib/gcc/arm-none-eabi/12.2.0/../../../../arm-none-eabi/lib/thumb/v7-m/nofp/libc_nano.a(lib_a-memcpy-stub.o)

.debug_str      0x00000000      0xcba
 .debug_str     0x00000000      0x61f build/main.o
                                0x671 (size before relaxing)
 .debug_str     0x0000061f       0x47 build/waveform.o
                                0x16e (size before relaxing)
 .debug_str     0x00000666      0x2d8 build/stm32l152-setup.o
                                0x938 (size before relaxing)
 .debug_str     0x0000093e       0xb4 build/stm32l1xx_it.o
                                0x1e6 (size before relaxing)
 .debug_str     0x000009f2       0x65 build/system_stm32l1xx.o
                                0x23f (size before relaxing)
 .debug_str     0x00000a57       0x30 build/startup_stm32l152xe.o
                                 0x4e (size before relaxing)
 .debug_str     0x00000a87      0x17a /usr/lib/gcc/arm-none-eabi/12.2.0/../../../../arm-none-eabi/lib/thumb/v7-m/nofp/libc_nano.a(lib_a-init.o)
                                0x215 (size before relaxing)
 .debug_str     0x00000c01       0xb9 /usr/lib/gcc/arm-none-eabi/12.2.0/../../../../arm-none-eabi/lib/thumb/v7-m/nofp/libc_nano.a(lib_a-memcpy-stub.o)
                                0x1dc (size before relaxing)

.debug_frame    0x00000000      0x264
 .debug_frame   0x00000000       0x38 build/main.o
 .debug_frame   0x00000038      0x108 build/stm32l152-setup.o
 .debug_frame   0x00000140       0xa0 build/stm32l1xx_it.o
 .debug_frame   0x000001e0       0x30 build/system_stm32l1xx.o
 .debug_frame   0x00000210       0x2c /usr/lib/gcc/arm-none-eabi/12.2.0/../../../../arm-none-eabi/lib/thumb/v7-m/nofp/libc_nano.a(lib_a-init.o)
 .debug_frame   0x0000023c       0x28 /usr/lib/gcc/arm-none-eabi/12.2.0/../../../../arm-none-eabi/lib/thumb/v7-m/nofp/libc_nano.a(lib_a-memcpy-stub.o)

.debug_loclists
                0x00000000       0xc3
 .debug_loclists
                0x00000000       0x34 /usr/lib/gcc/arm-none-eabi/12.2.0/../../../../arm-none-eabi/lib/thumb/v7-m/nofp/libc_nano.a(lib_a-init.o)
 .debug_loclists
                0x00000034       0x8f /usr/lib/gcc/arm-none-eabi/12.2.0/../../../../arm-none-eabi/lib/thumb/v7-m/nofp/libc_nano.a(lib_a-memcpy-stub.o)

.debug_rnglists
                0x00000000       0x26
 .debug_rnglists
                0x00000000       0x13 /usr/lib/gcc/arm-none-eabi/12.2.0/../../../../arm-none-eabi/lib/thumb/v7-m/nofp/libc_nano.a(lib_a-init.o)
 .debug_rnglists
                0x00000013       0x13 /usr/lib/gcc/arm-none-eabi/12.2.0/../../../../arm-none-eabi/lib/thumb/v7-m/nofp/libc_nano.a(lib_a-memcpy-stub.o)

Cross Reference Table

Symbol                                            File
ADC1_IRQHandler                                   build/startup_stm32l152xe.o
AHBPrescTable                                     build/system_stm32l1xx.o
APBPrescTable                                     build/system_stm32l1xx.o
BusFault_Handler                                  build/stm32l1xx_it.o
COMP_ACQ_IRQHandler                               build/startup_stm32l152xe.o
COMP_IRQHandler                                   build/startup_stm32l152xe.o
DAC_IRQHandler                                    build/startup_stm32l152xe.o
DMA1_Channel1_IRQHandler                          build/startup_stm32l152xe.o
DMA1_Channel2_IRQHandler                          build/startup_stm32l152xe.o
DMA1_Channel3_IRQHandler                          build/startup_stm32l152xe.o
DMA1_Channel4_IRQHandler                          build/startup_stm32l152xe.o
DMA1_Channel5_IRQHandler                          build/startup_stm32l152xe.o
DMA1_Channel6_IRQHandler                          build/startup_stm32l152xe.o
DMA1_Channel7_IRQHandler                          build/startup_stm32l152xe.o
DMA2_Channel1_IRQHandler                          build/startup_stm32l152xe.o
DMA2_Channel2_IRQHandler                          build/startup_stm32l152xe.o
DMA2_Channel3_IRQHandler                          build/startup_stm32l152xe.o
DMA2_Channel4_IRQHandler                          build/startup_stm32l152xe.o
DMA2_Channel5_IRQHandler                          build/startup_stm32l152xe.o
DebugMon_Handler                                  build/stm32l1xx_it.o
Default_Handler                                   build/startup_stm32l152xe.o
EXTI0_IRQHandler                                  build/startup_stm32l152xe.o
EXTI15_10_IRQHandler                              build/startup_stm32l152xe.o
EXTI1_IRQHandler                                  build/startup_stm32l152xe.o
EXTI2_IRQHandler                                  build/startup_stm32l152xe.o
EXTI3_IRQHandler                                  build/startup_stm32l152xe.o
EXTI4_IRQHandler                                  build/startup_stm32l152xe.o
EXTI9_5_IRQHandler                                build/startup_stm32l152xe.o
FLASH_IRQHandler                                  build/startup_stm32l152xe.o
HardFault_Handler                                 build/stm32l1xx_it.o
I2C1_ER_IRQHandler                                build/startup_stm32l152xe.o
I2C1_EV_IRQHandler                                build/startup_stm32l152xe.o
I2C2_ER_IRQHandler                                build/startup_stm32l152xe.o
I2C2_EV_IRQHandler                                build/startup_stm32l152xe.o
LCD_IRQHandler                                    build/startup_stm32l152xe.o
MemManage_Handler                                 build/stm32l1xx_it.o
NMI_Handler                                       build/stm32l1xx_it.o
PLLMulTable                                       build/system_stm32l1xx.o
PVD_IRQHandler                                    build/startup_stm32l152xe.o
PendSV_Handler                                    build/stm32l1xx_it.o
RCC_IRQHandler                                    build/startup_stm32l152xe.o
RTC_Alarm_IRQHandler                              build/startup_stm32l152xe.o
RTC_WKUP_IRQHandler                               build/startup_stm32l152xe.o
Reset_Handler                                     build/startup_stm32l152xe.o
SINE_WF                                           build/waveform.o
                                                  build/stm32l152-setup.o
SPI1_IRQHandler                                   build/startup_stm32l152xe.o
SPI2_IRQHandler                                   build/startup_stm32l152xe.o
SPI3_IRQHandler                                   build/startup_stm32l152xe.o
SQUARE_WF                                         build/waveform.o
SVC_Handler                                       build/stm32l1xx_it.o
SYSTICK_VAL                                       build/stm32l1xx_it.o
SysTick_Handler                                   build/stm32l1xx_it.o
SystemCoreClock                                   build/system_stm32l1xx.o
                                                  build/stm32l152-setup.o
SystemCoreClockUpdate                             build/system_stm32l1xx.o
                                                  build/stm32l152-setup.o
SystemInit                                        build/system_stm32l1xx.o
                                                  build/startup_stm32l152xe.o
                                                  build/stm32l152-setup.o
TAMPER_STAMP_IRQHandler                           build/startup_stm32l152xe.o
TIM10_IRQHandler                                  build/startup_stm32l152xe.o
TIM11_IRQHandler                                  build/startup_stm32l152xe.o
TIM2_IRQHandler                                   build/startup_stm32l152xe.o
TIM3_IRQHandler                                   build/startup_stm32l152xe.o
TIM4_IRQHandler                                   build/startup_stm32l152xe.o
TIM5_IRQHandler                                   build/startup_stm32l152xe.o
TIM6_IRQHandler                                   build/startup_stm32l152xe.o
TIM7_IRQHandler                                   build/main.o
TIM9_IRQHandler                                   build/startup_stm32l152xe.o
TRIANGLE_WF                                       build/waveform.o
UART4_IRQHandler                                  build/startup_stm32l152xe.o
UART5_IRQHandler                                  build/startup_stm32l152xe.o
USART1_IRQHandler                                 build/startup_stm32l152xe.o
USART2_IRQHandler                                 build/startup_stm32l152xe.o
USART3_IRQHandler                                 build/startup_stm32l152xe.o
USB_FS_WKUP_IRQHandler                            build/startup_stm32l152xe.o
USB_HP_IRQHandler                                 build/startup_stm32l152xe.o
USB_LP_IRQHandler                                 build/startup_stm32l152xe.o
UsageFault_Handler                                build/stm32l1xx_it.o
WF_BUFFER                                         build/waveform.o
                                                  build/stm32l152-setup.o
WWDG_IRQHandler                                   build/startup_stm32l152xe.o
_ITM_deregisterTMCloneTable                       /usr/lib/gcc/arm-none-eabi/12.2.0/thumb/v7-m/nofp/crtbegin.o
_ITM_registerTMCloneTable                         /usr/lib/gcc/arm-none-eabi/12.2.0/thumb/v7-m/nofp/crtbegin.o
__TMC_END__                                       /usr/lib/gcc/arm-none-eabi/12.2.0/thumb/v7-m/nofp/crtend.o
                                                  /usr/lib/gcc/arm-none-eabi/12.2.0/thumb/v7-m/nofp/crtbegin.o
__atexit_dummy                                    /usr/lib/gcc/arm-none-eabi/12.2.0/../../../../arm-none-eabi/lib/thumb/v7-m/nofp/libc_nano.a(lib_a-__atexit.o)
__atexit_recursive_mutex                          /usr/lib/gcc/arm-none-eabi/12.2.0/../../../../arm-none-eabi/lib/thumb/v7-m/nofp/libc_nano.a(lib_a-__call_atexit.o)
                                                  /usr/lib/gcc/arm-none-eabi/12.2.0/../../../../arm-none-eabi/lib/thumb/v7-m/nofp/libc_nano.a(lib_a-__atexit.o)
__bss_end__                                       /usr/lib/gcc/arm-none-eabi/12.2.0/../../../../arm-none-eabi/lib/thumb/v7-m/nofp/crt0.o
__bss_start__                                     /usr/lib/gcc/arm-none-eabi/12.2.0/../../../../arm-none-eabi/lib/thumb/v7-m/nofp/crt0.o
__call_exitprocs                                  /usr/lib/gcc/arm-none-eabi/12.2.0/../../../../arm-none-eabi/lib/thumb/v7-m/nofp/libc_nano.a(lib_a-__call_atexit.o)
                                                  /usr/lib/gcc/arm-none-eabi/12.2.0/../../../../arm-none-eabi/lib/thumb/v7-m/nofp/libc_nano.a(lib_a-__atexit.o)
                                                  /usr/lib/gcc/arm-none-eabi/12.2.0/../../../../arm-none-eabi/lib/thumb/v7-m/nofp/libc_nano.a(lib_a-exit.o)
__deregister_frame_info                           /usr/lib/gcc/arm-none-eabi/12.2.0/thumb/v7-m/nofp/crtbegin.o
__dso_handle                                      /usr/lib/gcc/arm-none-eabi/12.2.0/thumb/v7-m/nofp/crtbegin.o
__fini_array_end                                  /usr/lib/gcc/arm-none-eabi/12.2.0/../../../../arm-none-eabi/lib/thumb/v7-m/nofp/libc_nano.a(lib_a-fini.o)
__fini_array_start                                /usr/lib/gcc/arm-none-eabi/12.2.0/../../../../arm-none-eabi/lib/thumb/v7-m/nofp/libc_nano.a(lib_a-fini.o)
__init_array_end                                  /usr/lib/gcc/arm-none-eabi/12.2.0/../../../../arm-none-eabi/lib/thumb/v7-m/nofp/libc_nano.a(lib_a-init.o)
__init_array_start                                /usr/lib/gcc/arm-none-eabi/12.2.0/../../../../arm-none-eabi/lib/thumb/v7-m/nofp/libc_nano.a(lib_a-init.o)
__libc_fini_array                                 /usr/lib/gcc/arm-none-eabi/12.2.0/../../../../arm-none-eabi/lib/thumb/v7-m/nofp/libc_nano.a(lib_a-fini.o)
                                                  /usr/lib/gcc/arm-none-eabi/12.2.0/../../../../arm-none-eabi/lib/thumb/v7-m/nofp/crt0.o
__libc_init_array                                 /usr/lib/gcc/arm-none-eabi/12.2.0/../../../../arm-none-eabi/lib/thumb/v7-m/nofp/libc_nano.a(lib_a-init.o)
                                                  build/startup_stm32l152xe.o
                                                  /usr/lib/gcc/arm-none-eabi/12.2.0/../../../../arm-none-eabi/lib/thumb/v7-m/nofp/crt0.o
__lock___arc4random_mutex                         /usr/lib/gcc/arm-none-eabi/12.2.0/../../../../arm-none-eabi/lib/thumb/v7-m/nofp/libc_nano.a(lib_a-lock.o)
__lock___at_quick_exit_mutex                      /usr/lib/gcc/arm-none-eabi/12.2.0/../../../../arm-none-eabi/lib/thumb/v7-m/nofp/libc_nano.a(lib_a-lock.o)
__lock___atexit_recursive_mutex                   /usr/lib/gcc/arm-none-eabi/12.2.0/../../../../arm-none-eabi/lib/thumb/v7-m/nofp/libc_nano.a(lib_a-lock.o)
                                                  /usr/lib/gcc/arm-none-eabi/12.2.0/../../../../arm-none-eabi/lib/thumb/v7-m/nofp/libc_nano.a(lib_a-__call_atexit.o)
__lock___dd_hash_mutex                            /usr/lib/gcc/arm-none-eabi/12.2.0/../../../../arm-none-eabi/lib/thumb/v7-m/nofp/libc_nano.a(lib_a-lock.o)
__lock___env_recursive_mutex                      /usr/lib/gcc/arm-none-eabi/12.2.0/../../../../arm-none-eabi/lib/thumb/v7-m/nofp/libc_nano.a(lib_a-lock.o)
__lock___malloc_recursive_mutex                   /usr/lib/gcc/arm-none-eabi/12.2.0/../../../../arm-none-eabi/lib/thumb/v7-m/nofp/libc_nano.a(lib_a-lock.o)
__lock___sfp_recursive_mutex                      /usr/lib/gcc/arm-none-eabi/12.2.0/../../../../arm-none-eabi/lib/thumb/v7-m/nofp/libc_nano.a(lib_a-lock.o)
__lock___sinit_recursive_mutex                    /usr/lib/gcc/arm-none-eabi/12.2.0/../../../../arm-none-eabi/lib/thumb/v7-m/nofp/libc_nano.a(lib_a-lock.o)
__lock___tz_mutex                                 /usr/lib/gcc/arm-none-eabi/12.2.0/../../../../arm-none-eabi/lib/thumb/v7-m/nofp/libc_nano.a(lib_a-lock.o)
__on_exit_args                                    /usr/lib/gcc/arm-none-eabi/12.2.0/../../../../arm-none-eabi/lib/thumb/v7-m/nofp/libc_nano.a(lib_a-__atexit.o)
__preinit_array_end                               /usr/lib/gcc/arm-none-eabi/12.2.0/../../../../arm-none-eabi/lib/thumb/v7-m/nofp/libc_nano.a(lib_a-init.o)
__preinit_array_start                             /usr/lib/gcc/arm-none-eabi/12.2.0/../../../../arm-none-eabi/lib/thumb/v7-m/nofp/libc_nano.a(lib_a-init.o)
__register_exitproc                               /usr/lib/gcc/arm-none-eabi/12.2.0/../../../../arm-none-eabi/lib/thumb/v7-m/nofp/libc_nano.a(lib_a-__atexit.o)
                                                  /usr/lib/gcc/arm-none-eabi/12.2.0/../../../../arm-none-eabi/lib/thumb/v7-m/nofp/libc_nano.a(lib_a-atexit.o)
__register_frame_info                             /usr/lib/gcc/arm-none-eabi/12.2.0/thumb/v7-m/nofp/crtbegin.o
__retarget_lock_acquire                           /usr/lib/gcc/arm-none-eabi/12.2.0/../../../../arm-none-eabi/lib/thumb/v7-m/nofp/libc_nano.a(lib_a-lock.o)
__retarget_lock_acquire_recursive                 /usr/lib/gcc/arm-none-eabi/12.2.0/../../../../arm-none-eabi/lib/thumb/v7-m/nofp/libc_nano.a(lib_a-lock.o)
                                                  /usr/lib/gcc/arm-none-eabi/12.2.0/../../../../arm-none-eabi/lib/thumb/v7-m/nofp/libc_nano.a(lib_a-__call_atexit.o)
                                                  /usr/lib/gcc/arm-none-eabi/12.2.0/../../../../arm-none-eabi/lib/thumb/v7-m/nofp/libc_nano.a(lib_a-__atexit.o)
__retarget_lock_close                             /usr/lib/gcc/arm-none-eabi/12.2.0/../../../../arm-none-eabi/lib/thumb/v7-m/nofp/libc_nano.a(lib_a-lock.o)
__retarget_lock_close_recursive                   /usr/lib/gcc/arm-none-eabi/12.2.0/../../../../arm-none-eabi/lib/thumb/v7-m/nofp/libc_nano.a(lib_a-lock.o)
__retarget_lock_init                              /usr/lib/gcc/arm-none-eabi/12.2.0/../../../../arm-none-eabi/lib/thumb/v7-m/nofp/libc_nano.a(lib_a-lock.o)
__retarget_lock_init_recursive                    /usr/lib/gcc/arm-none-eabi/12.2.0/../../../../arm-none-eabi/lib/thumb/v7-m/nofp/libc_nano.a(lib_a-lock.o)
__retarget_lock_release                           /usr/lib/gcc/arm-none-eabi/12.2.0/../../../../arm-none-eabi/lib/thumb/v7-m/nofp/libc_nano.a(lib_a-lock.o)
                                                  /usr/lib/gcc/arm-none-eabi/12.2.0/../../../../arm-none-eabi/lib/thumb/v7-m/nofp/libc_nano.a(lib_a-__atexit.o)
__retarget_lock_release_recursive                 /usr/lib/gcc/arm-none-eabi/12.2.0/../../../../arm-none-eabi/lib/thumb/v7-m/nofp/libc_nano.a(lib_a-lock.o)
                                                  /usr/lib/gcc/arm-none-eabi/12.2.0/../../../../arm-none-eabi/lib/thumb/v7-m/nofp/libc_nano.a(lib_a-__call_atexit.o)
                                                  /usr/lib/gcc/arm-none-eabi/12.2.0/../../../../arm-none-eabi/lib/thumb/v7-m/nofp/libc_nano.a(lib_a-__atexit.o)
__retarget_lock_try_acquire                       /usr/lib/gcc/arm-none-eabi/12.2.0/../../../../arm-none-eabi/lib/thumb/v7-m/nofp/libc_nano.a(lib_a-lock.o)
__retarget_lock_try_acquire_recursive             /usr/lib/gcc/arm-none-eabi/12.2.0/../../../../arm-none-eabi/lib/thumb/v7-m/nofp/libc_nano.a(lib_a-lock.o)
__sf_fake_stderr                                  /usr/lib/gcc/arm-none-eabi/12.2.0/../../../../arm-none-eabi/lib/thumb/v7-m/nofp/libc_nano.a(lib_a-impure.o)
__sf_fake_stdin                                   /usr/lib/gcc/arm-none-eabi/12.2.0/../../../../arm-none-eabi/lib/thumb/v7-m/nofp/libc_nano.a(lib_a-impure.o)
__sf_fake_stdout                                  /usr/lib/gcc/arm-none-eabi/12.2.0/../../../../arm-none-eabi/lib/thumb/v7-m/nofp/libc_nano.a(lib_a-impure.o)
__stack                                           /usr/lib/gcc/arm-none-eabi/12.2.0/../../../../arm-none-eabi/lib/thumb/v7-m/nofp/crt0.o
_ebss                                             build/startup_stm32l152xe.o
_edata                                            build/startup_stm32l152xe.o
_estack                                           build/startup_stm32l152xe.o
_exit                                             /usr/lib/gcc/arm-none-eabi/12.2.0/../../../../arm-none-eabi/lib/thumb/v7-m/nofp/libnosys.a(_exit.o)
                                                  /usr/lib/gcc/arm-none-eabi/12.2.0/../../../../arm-none-eabi/lib/thumb/v7-m/nofp/libc_nano.a(lib_a-exit.o)
_fini                                             /usr/lib/gcc/arm-none-eabi/12.2.0/thumb/v7-m/nofp/crti.o
                                                  /usr/lib/gcc/arm-none-eabi/12.2.0/../../../../arm-none-eabi/lib/thumb/v7-m/nofp/libc_nano.a(lib_a-fini.o)
_global_atexit                                    /usr/lib/gcc/arm-none-eabi/12.2.0/../../../../arm-none-eabi/lib/thumb/v7-m/nofp/libc_nano.a(lib_a-__call_atexit.o)
                                                  /usr/lib/gcc/arm-none-eabi/12.2.0/../../../../arm-none-eabi/lib/thumb/v7-m/nofp/libc_nano.a(lib_a-__atexit.o)
_global_impure_ptr                                /usr/lib/gcc/arm-none-eabi/12.2.0/../../../../arm-none-eabi/lib/thumb/v7-m/nofp/libc_nano.a(lib_a-impure.o)
                                                  /usr/lib/gcc/arm-none-eabi/12.2.0/../../../../arm-none-eabi/lib/thumb/v7-m/nofp/libc_nano.a(lib_a-exit.o)
_impure_ptr                                       /usr/lib/gcc/arm-none-eabi/12.2.0/../../../../arm-none-eabi/lib/thumb/v7-m/nofp/libc_nano.a(lib_a-impure.o)
_init                                             /usr/lib/gcc/arm-none-eabi/12.2.0/thumb/v7-m/nofp/crti.o
                                                  /usr/lib/gcc/arm-none-eabi/12.2.0/../../../../arm-none-eabi/lib/thumb/v7-m/nofp/libc_nano.a(lib_a-init.o)
_mainCRTStartup                                   /usr/lib/gcc/arm-none-eabi/12.2.0/../../../../arm-none-eabi/lib/thumb/v7-m/nofp/crt0.o
_sbss                                             build/startup_stm32l152xe.o
_sdata                                            build/startup_stm32l152xe.o
_sidata                                           build/startup_stm32l152xe.o
_stack_init                                       /usr/lib/gcc/arm-none-eabi/12.2.0/../../../../arm-none-eabi/lib/thumb/v7-m/nofp/crt0.o
_start                                            /usr/lib/gcc/arm-none-eabi/12.2.0/../../../../arm-none-eabi/lib/thumb/v7-m/nofp/crt0.o
atexit                                            /usr/lib/gcc/arm-none-eabi/12.2.0/../../../../arm-none-eabi/lib/thumb/v7-m/nofp/libc_nano.a(lib_a-atexit.o)
                                                  /usr/lib/gcc/arm-none-eabi/12.2.0/../../../../arm-none-eabi/lib/thumb/v7-m/nofp/crt0.o
configure_dac                                     build/stm32l152-setup.o
configure_gpio                                    build/stm32l152-setup.o
configure_timers                                  build/stm32l152-setup.o
enable_tick                                       build/stm32l152-setup.o
exit                                              /usr/lib/gcc/arm-none-eabi/12.2.0/../../../../arm-none-eabi/lib/thumb/v7-m/nofp/libc_nano.a(lib_a-exit.o)
                                                  /usr/lib/gcc/arm-none-eabi/12.2.0/../../../../arm-none-eabi/lib/thumb/v7-m/nofp/crt0.o
g_pfnVectors                                      build/startup_stm32l152xe.o
hardware_init_hook                                /usr/lib/gcc/arm-none-eabi/12.2.0/../../../../arm-none-eabi/lib/thumb/v7-m/nofp/crt0.o
main                                              build/main.o
                                                  build/startup_stm32l152xe.o
                                                  /usr/lib/gcc/arm-none-eabi/12.2.0/../../../../arm-none-eabi/lib/thumb/v7-m/nofp/crt0.o
malloc                                            /usr/lib/gcc/arm-none-eabi/12.2.0/../../../../arm-none-eabi/lib/thumb/v7-m/nofp/libc_nano.a(lib_a-__atexit.o)
memcpy                                            /usr/lib/gcc/arm-none-eabi/12.2.0/../../../../arm-none-eabi/lib/thumb/v7-m/nofp/libc_nano.a(lib_a-memcpy-stub.o)
                                                  build/stm32l152-setup.o
memset                                            /usr/lib/gcc/arm-none-eabi/12.2.0/../../../../arm-none-eabi/lib/thumb/v7-m/nofp/libc_nano.a(lib_a-memset.o)
                                                  /usr/lib/gcc/arm-none-eabi/12.2.0/../../../../arm-none-eabi/lib/thumb/v7-m/nofp/crt0.o
platform_init                                     build/stm32l152-setup.o
                                                  build/main.o
software_init_hook                                /usr/lib/gcc/arm-none-eabi/12.2.0/../../../../arm-none-eabi/lib/thumb/v7-m/nofp/crt0.o
software_reset                                    build/stm32l152-setup.o
start_output                                      build/stm32l152-setup.o
                                                  build/main.o
